Traceback (most recent call last):
  File "/opt/anaconda3/envs/gnuradio/lib/python3.11/site-packages/jupyter_core/utils/__init__.py", line 154, in wrapped
    asyncio.get_running_loop()
RuntimeError: no running event loop

During handling of the above exception, another exception occurred:

Traceback (most recent call last):
  File "/opt/anaconda3/envs/gnuradio/lib/python3.11/site-packages/jupyter_cache/executors/utils.py", line 58, in single_nb_execution
    executenb(
  File "/opt/anaconda3/envs/gnuradio/lib/python3.11/site-packages/nbclient/client.py", line 1319, in execute
    return NotebookClient(nb=nb, resources=resources, km=km, **kwargs).execute()
           ^^^^^^^^^^^^^^^^^^^^^^^^^^^^^^^^^^^^^^^^^^^^^^^^^^^^^^^^^^^^^^^^^^^^^
  File "/opt/anaconda3/envs/gnuradio/lib/python3.11/site-packages/jupyter_core/utils/__init__.py", line 158, in wrapped
    return loop.run_until_complete(inner)
           ^^^^^^^^^^^^^^^^^^^^^^^^^^^^^^
  File "/opt/anaconda3/envs/gnuradio/lib/python3.11/asyncio/base_events.py", line 654, in run_until_complete
    return future.result()
           ^^^^^^^^^^^^^^^
  File "/opt/anaconda3/envs/gnuradio/lib/python3.11/site-packages/nbclient/client.py", line 709, in async_execute
    await self.async_execute_cell(
  File "/opt/anaconda3/envs/gnuradio/lib/python3.11/site-packages/nbclient/client.py", line 1062, in async_execute_cell
    await self._check_raise_for_error(cell, cell_index, exec_reply)
  File "/opt/anaconda3/envs/gnuradio/lib/python3.11/site-packages/nbclient/client.py", line 918, in _check_raise_for_error
    raise CellExecutionError.from_cell_and_msg(cell, exec_reply_content)
nbclient.exceptions.CellExecutionError: An error occurred while executing the following cell:
------------------
from analysis.export import export_to_csv

# Export to CSV
export_path = f"../data/exports/quickstart_{uid[0][:8]}.csv"
export_to_csv(run, export_path)

print(f"✓ Data exported to: {export_path}")
print(f"\nYou can now open this file in Excel, Python, or any CSV reader.")
------------------


[31m---------------------------------------------------------------------------[39m
[31mAttributeError[39m                            Traceback (most recent call last)
[36mCell[39m[36m [39m[32mIn[10][39m[32m, line 5[39m
[32m      3[39m [38;5;66;03m# Export to CSV[39;00m
[32m      4[39m export_path = [33mf[39m[33m"[39m[33m../data/exports/quickstart_[39m[38;5;132;01m{[39;00muid[[32m0[39m][:[32m8[39m][38;5;132;01m}[39;00m[33m.csv[39m[33m"[39m
[32m----> [39m[32m5[39m [43mexport_to_csv[49m[43m([49m[43mrun[49m[43m,[49m[43m [49m[43mexport_path[49m[43m)[49m
[32m      7[39m [38;5;28mprint[39m([33mf[39m[33m"[39m[33m✓ Data exported to: [39m[38;5;132;01m{[39;00mexport_path[38;5;132;01m}[39;00m[33m"[39m)
[32m      8[39m [38;5;28mprint[39m([33mf[39m[33m"[39m[38;5;130;01m\n[39;00m[33mYou can now open this file in Excel, Python, or any CSV reader.[39m[33m"[39m)

[36mFile [39m[32m~/Projects/EJFAT/ejfat_demos/gnuradio/demos/full_system/analysis/export.py:39[39m, in [36mexport_to_csv[39m[34m(run, filename, include_metadata)[39m
[32m     36[39m [38;5;28;01mif[39;00m include_metadata:
[32m     37[39m     [38;5;66;03m# Write metadata as header comments[39;00m
[32m     38[39m     [38;5;28;01mwith[39;00m [38;5;28mopen[39m(filepath, [33m'[39m[33mw[39m[33m'[39m) [38;5;28;01mas[39;00m f:
[32m---> [39m[32m39[39m         start = [43mrun[49m[43m.[49m[43mmetadata[49m[[33m'[39m[33mstart[39m[33m'[39m]
[32m     40[39m         f.write([33mf[39m[33m"[39m[33m# Plan: [39m[38;5;132;01m{[39;00mstart[[33m'[39m[33mplan_name[39m[33m'[39m][38;5;132;01m}[39;00m[38;5;130;01m\n[39;00m[33m"[39m)
[32m     41[39m         f.write([33mf[39m[33m"[39m[33m# Operator: [39m[38;5;132;01m{[39;00mstart.get([33m'[39m[33moperator[39m[33m'[39m,[38;5;250m [39m[33m'[39m[33munknown[39m[33m'[39m)[38;5;132;01m}[39;00m[38;5;130;01m\n[39;00m[33m"[39m)

[31mAttributeError[39m: 'Header' object has no attribute 'metadata'

