Traceback (most recent call last):
  File "/opt/anaconda3/lib/python3.13/site-packages/jupyter_cache/executors/utils.py", line 58, in single_nb_execution
    executenb(
    ~~~~~~~~~^
        nb,
        ^^^
    ...<4 lines>...
        **kwargs,
        ^^^^^^^^^
    )
    ^
  File "/opt/anaconda3/lib/python3.13/site-packages/nbclient/client.py", line 1319, in execute
    return NotebookClient(nb=nb, resources=resources, km=km, **kwargs).execute()
           ~~~~~~~~~~~~~~~~~~~~~~~~~~~~~~~~~~~~~~~~~~~~~~~~~~~~~~~~~~~~~~~~~~~^^
  File "/opt/anaconda3/lib/python3.13/site-packages/jupyter_core/utils/__init__.py", line 165, in wrapped
    return loop.run_until_complete(inner)
           ~~~~~~~~~~~~~~~~~~~~~~~^^^^^^^
  File "/opt/anaconda3/lib/python3.13/asyncio/base_events.py", line 725, in run_until_complete
    return future.result()
           ~~~~~~~~~~~~~^^
  File "/opt/anaconda3/lib/python3.13/site-packages/nbclient/client.py", line 709, in async_execute
    await self.async_execute_cell(
        cell, index, execution_count=self.code_cells_executed + 1
    )
  File "/opt/anaconda3/lib/python3.13/site-packages/nbclient/client.py", line 1062, in async_execute_cell
    await self._check_raise_for_error(cell, cell_index, exec_reply)
  File "/opt/anaconda3/lib/python3.13/site-packages/nbclient/client.py", line 918, in _check_raise_for_error
    raise CellExecutionError.from_cell_and_msg(cell, exec_reply_content)
nbclient.exceptions.CellExecutionError: An error occurred while executing the following cell:
------------------
import sys
from pathlib import Path

parent_dir = Path.cwd().parent if 'jupyter_book_tutorial' in str(Path.cwd()) else Path.cwd()
if str(parent_dir) not in sys.path:
    sys.path.insert(0, str(parent_dir))

from bluesky import RunEngine
from ophyd import Signal
from bluesky.plans import scan
from bluesky_config.devices import MockDetector
from bluesky_config.metadata import create_experiment_metadata

# We'll capture documents in a list to examine them
captured_docs = []

def document_collector(name, doc):
    """Callback to collect all documents."""
    captured_docs.append((name, doc))

# Setup
RE = RunEngine({})
RE.subscribe(document_collector)

motor = Signal(name='motor', value=0)
detector = MockDetector(name='det')

# Run a small scan
uid = RE(scan([detector], motor, 0, 5, 5))

print(f"✓ Scan complete. Captured {len(captured_docs)} documents.")
------------------


[0;31m---------------------------------------------------------------------------[0m
[0;31mModuleNotFoundError[0m                       Traceback (most recent call last)
Cell [0;32mIn[1], line 8[0m
[1;32m      5[0m [38;5;28;01mif[39;00m [38;5;28mstr[39m(parent_dir) [38;5;129;01mnot[39;00m [38;5;129;01min[39;00m sys[38;5;241m.[39mpath:
[1;32m      6[0m     sys[38;5;241m.[39mpath[38;5;241m.[39minsert([38;5;241m0[39m, [38;5;28mstr[39m(parent_dir))
[0;32m----> 8[0m [38;5;28;01mfrom[39;00m[38;5;250m [39m[38;5;21;01mbluesky[39;00m[38;5;250m [39m[38;5;28;01mimport[39;00m RunEngine
[1;32m      9[0m [38;5;28;01mfrom[39;00m[38;5;250m [39m[38;5;21;01mophyd[39;00m[38;5;250m [39m[38;5;28;01mimport[39;00m Signal
[1;32m     10[0m [38;5;28;01mfrom[39;00m[38;5;250m [39m[38;5;21;01mbluesky[39;00m[38;5;21;01m.[39;00m[38;5;21;01mplans[39;00m[38;5;250m [39m[38;5;28;01mimport[39;00m scan

[0;31mModuleNotFoundError[0m: No module named 'bluesky'

