Traceback (most recent call last):
  File "/opt/anaconda3/envs/gnuradio/lib/python3.11/site-packages/jupyter_core/utils/__init__.py", line 154, in wrapped
    asyncio.get_running_loop()
RuntimeError: no running event loop

During handling of the above exception, another exception occurred:

Traceback (most recent call last):
  File "/opt/anaconda3/envs/gnuradio/lib/python3.11/site-packages/jupyter_cache/executors/utils.py", line 58, in single_nb_execution
    executenb(
  File "/opt/anaconda3/envs/gnuradio/lib/python3.11/site-packages/nbclient/client.py", line 1319, in execute
    return NotebookClient(nb=nb, resources=resources, km=km, **kwargs).execute()
           ^^^^^^^^^^^^^^^^^^^^^^^^^^^^^^^^^^^^^^^^^^^^^^^^^^^^^^^^^^^^^^^^^^^^^
  File "/opt/anaconda3/envs/gnuradio/lib/python3.11/site-packages/jupyter_core/utils/__init__.py", line 158, in wrapped
    return loop.run_until_complete(inner)
           ^^^^^^^^^^^^^^^^^^^^^^^^^^^^^^
  File "/opt/anaconda3/envs/gnuradio/lib/python3.11/asyncio/base_events.py", line 654, in run_until_complete
    return future.result()
           ^^^^^^^^^^^^^^^
  File "/opt/anaconda3/envs/gnuradio/lib/python3.11/site-packages/nbclient/client.py", line 709, in async_execute
    await self.async_execute_cell(
  File "/opt/anaconda3/envs/gnuradio/lib/python3.11/site-packages/nbclient/client.py", line 1062, in async_execute_cell
    await self._check_raise_for_error(cell, cell_index, exec_reply)
  File "/opt/anaconda3/envs/gnuradio/lib/python3.11/site-packages/nbclient/client.py", line 918, in _check_raise_for_error
    raise CellExecutionError.from_cell_and_msg(cell, exec_reply_content)
nbclient.exceptions.CellExecutionError: An error occurred while executing the following cell:
------------------
start = run.metadata['start']

print("Metadata verification:")
print("="*50)
print(f"Plan name: {start.get('plan_name', 'N/A')}")
print(f"Operator: {start.get('operator', 'N/A')}")
print(f"Scan ID: {start.get('scan_id', 'N/A')}")

if 'plan_args' in start:
    print(f"\nPlan arguments:")
    for key, val in start['plan_args'].items():
        print(f"  {key}: {val}")

# Check exit status
if 'stop' in run.metadata:
    exit_status = run.metadata['stop'].get('exit_status', 'unknown')
    print(f"\nExit status: {exit_status}")
    if exit_status == 'success':
        print("✓ Run completed successfully")
    else:
        print(f"❌ Run ended with status: {exit_status}")
------------------


[31m---------------------------------------------------------------------------[39m
[31mAttributeError[39m                            Traceback (most recent call last)
[36mCell[39m[36m [39m[32mIn[7][39m[32m, line 1[39m
[32m----> [39m[32m1[39m start = [43mrun[49m[43m.[49m[43mmetadata[49m[[33m'[39m[33mstart[39m[33m'[39m]
[32m      3[39m [38;5;28mprint[39m([33m"[39m[33mMetadata verification:[39m[33m"[39m)
[32m      4[39m [38;5;28mprint[39m([33m"[39m[33m=[39m[33m"[39m*[32m50[39m)

[31mAttributeError[39m: 'Header' object has no attribute 'metadata'

