Traceback (most recent call last):
  File "/opt/anaconda3/envs/gnuradio/lib/python3.11/site-packages/jupyter_core/utils/__init__.py", line 154, in wrapped
    asyncio.get_running_loop()
RuntimeError: no running event loop

During handling of the above exception, another exception occurred:

Traceback (most recent call last):
  File "/opt/anaconda3/envs/gnuradio/lib/python3.11/site-packages/jupyter_cache/executors/utils.py", line 58, in single_nb_execution
    executenb(
  File "/opt/anaconda3/envs/gnuradio/lib/python3.11/site-packages/nbclient/client.py", line 1319, in execute
    return NotebookClient(nb=nb, resources=resources, km=km, **kwargs).execute()
           ^^^^^^^^^^^^^^^^^^^^^^^^^^^^^^^^^^^^^^^^^^^^^^^^^^^^^^^^^^^^^^^^^^^^^
  File "/opt/anaconda3/envs/gnuradio/lib/python3.11/site-packages/jupyter_core/utils/__init__.py", line 158, in wrapped
    return loop.run_until_complete(inner)
           ^^^^^^^^^^^^^^^^^^^^^^^^^^^^^^
  File "/opt/anaconda3/envs/gnuradio/lib/python3.11/asyncio/base_events.py", line 654, in run_until_complete
    return future.result()
           ^^^^^^^^^^^^^^^
  File "/opt/anaconda3/envs/gnuradio/lib/python3.11/site-packages/nbclient/client.py", line 709, in async_execute
    await self.async_execute_cell(
  File "/opt/anaconda3/envs/gnuradio/lib/python3.11/site-packages/nbclient/client.py", line 1062, in async_execute_cell
    await self._check_raise_for_error(cell, cell_index, exec_reply)
  File "/opt/anaconda3/envs/gnuradio/lib/python3.11/site-packages/nbclient/client.py", line 918, in _check_raise_for_error
    raise CellExecutionError.from_cell_and_msg(cell, exec_reply_content)
nbclient.exceptions.CellExecutionError: An error occurred while executing the following cell:
------------------
from databroker import Broker

# Connect to catalog
db = Broker.named('temp')

# Get latest run
run = db[-1]

print(f"✓ Retrieved run: {run.metadata['start']['uid'][:8]}")
print(f"  Plan: {run.metadata['start']['plan_name']}")
print(f"  Time: {run.metadata['start']['time']}")
------------------


[31m---------------------------------------------------------------------------[39m
[31mIndexError[39m                                Traceback (most recent call last)
[36mFile [39m[32m/opt/anaconda3/envs/gnuradio/lib/python3.11/site-packages/databroker/core.py:356[39m, in [36mretry.<locals>.new_function[39m[34m(self, *args, **kwargs)[39m
[32m    355[39m [38;5;28;01mtry[39;00m:
[32m--> [39m[32m356[39m     [38;5;28;01mreturn[39;00m [43mfunction[49m[43m([49m[38;5;28;43mself[39;49m[43m,[49m[43m [49m[43m*[49m[43margs[49m[43m,[49m[43m [49m[43m*[49m[43m*[49m[43mkwargs[49m[43m)[49m
[32m    357[39m [38;5;28;01mexcept[39;00m [38;5;167;01mException[39;00m:

[36mFile [39m[32m/opt/anaconda3/envs/gnuradio/lib/python3.11/site-packages/databroker/in_memory.py:161[39m, in [36mBlueskyInMemoryCatalog.__getitem__[39m[34m(self, name)[39m
[32m    160[39m [38;5;28;01mif[39;00m -N > [38;5;28mlen[39m(time_sorted):
[32m--> [39m[32m161[39m     [38;5;28;01mraise[39;00m [38;5;167;01mIndexError[39;00m(
[32m    162[39m         [33mf[39m[33m"[39m[33mCatalog only contains [39m[38;5;132;01m{[39;00m[38;5;28mlen[39m(time_sorted)[38;5;132;01m}[39;00m[33m [39m[33m"[39m
[32m    163[39m         [33mf[39m[33m"[39m[33mruns.[39m[33m"[39m)
[32m    164[39m uid = time_sorted[-N - [32m1[39m][[33m'[39m[33muid[39m[33m'[39m]

[31mIndexError[39m: Catalog only contains 0 runs.

During handling of the above exception, another exception occurred:

[31mIndexError[39m                                Traceback (most recent call last)
[36mCell[39m[36m [39m[32mIn[1][39m[32m, line 7[39m
[32m      4[39m db = Broker.named([33m'[39m[33mtemp[39m[33m'[39m)
[32m      6[39m [38;5;66;03m# Get latest run[39;00m
[32m----> [39m[32m7[39m run = [43mdb[49m[43m[[49m[43m-[49m[32;43m1[39;49m[43m][49m
[32m      9[39m [38;5;28mprint[39m([33mf[39m[33m"[39m[33m✓ Retrieved run: [39m[38;5;132;01m{[39;00mrun.metadata[[33m'[39m[33mstart[39m[33m'[39m][[33m'[39m[33muid[39m[33m'[39m][:[32m8[39m][38;5;132;01m}[39;00m[33m"[39m)
[32m     10[39m [38;5;28mprint[39m([33mf[39m[33m"[39m[33m  Plan: [39m[38;5;132;01m{[39;00mrun.metadata[[33m'[39m[33mstart[39m[33m'[39m][[33m'[39m[33mplan_name[39m[33m'[39m][38;5;132;01m}[39;00m[33m"[39m)

[36mFile [39m[32m/opt/anaconda3/envs/gnuradio/lib/python3.11/site-packages/databroker/v1.py:329[39m, in [36mBroker.__getitem__[39m[34m(self, key)[39m
[32m    323[39m         [38;5;28;01mraise[39;00m [38;5;167;01mValueError[39;00m([33m"[39m[33mslice.start cannot be None because we do not [39m[33m"[39m
[32m    324[39m                          [33m"[39m[33msupport slicing infinitely into the past; [39m[33m"[39m
[32m    325[39m                          [33m"[39m[33mthe size of the result is non-deterministic [39m[33m"[39m
[32m    326[39m                          [33m"[39m[33mand could become too large.[39m[33m"[39m)
[32m    327[39m     [38;5;28;01mreturn[39;00m [[38;5;28mself[39m[index]
[32m    328[39m             [38;5;28;01mfor[39;00m index [38;5;129;01min[39;00m [38;5;28mreversed[39m([38;5;28mrange[39m(key.start, key.stop [38;5;129;01mor[39;00m [32m0[39m, key.step [38;5;129;01mor[39;00m [32m1[39m))]
[32m--> [39m[32m329[39m datasource = [38;5;28;43mself[39;49m[43m.[49m[43m_catalog[49m[43m[[49m[43mkey[49m[43m][49m
[32m    330[39m [38;5;28;01mreturn[39;00m Header(datasource)

[36mFile [39m[32m/opt/anaconda3/envs/gnuradio/lib/python3.11/site-packages/databroker/core.py:359[39m, in [36mretry.<locals>.new_function[39m[34m(self, *args, **kwargs)[39m
[32m    357[39m [38;5;28;01mexcept[39;00m [38;5;167;01mException[39;00m:
[32m    358[39m     [38;5;28mself[39m.force_reload()
[32m--> [39m[32m359[39m     [38;5;28;01mreturn[39;00m [43mfunction[49m[43m([49m[38;5;28;43mself[39;49m[43m,[49m[43m [49m[43m*[49m[43margs[49m[43m,[49m[43m [49m[43m*[49m[43m*[49m[43mkwargs[49m[43m)[49m

[36mFile [39m[32m/opt/anaconda3/envs/gnuradio/lib/python3.11/site-packages/databroker/in_memory.py:161[39m, in [36mBlueskyInMemoryCatalog.__getitem__[39m[34m(self, name)[39m
[32m    159[39m     [38;5;66;03m# Interpret negative N as "the Nth from last entry".[39;00m
[32m    160[39m     [38;5;28;01mif[39;00m -N > [38;5;28mlen[39m(time_sorted):
[32m--> [39m[32m161[39m         [38;5;28;01mraise[39;00m [38;5;167;01mIndexError[39;00m(
[32m    162[39m             [33mf[39m[33m"[39m[33mCatalog only contains [39m[38;5;132;01m{[39;00m[38;5;28mlen[39m(time_sorted)[38;5;132;01m}[39;00m[33m [39m[33m"[39m
[32m    163[39m             [33mf[39m[33m"[39m[33mruns.[39m[33m"[39m)
[32m    164[39m     uid = time_sorted[-N - [32m1[39m][[33m'[39m[33muid[39m[33m'[39m]
[32m    165[39m [38;5;28;01melse[39;00m:
[32m    166[39m     [38;5;66;03m# Interpret positive N as[39;00m
[32m    167[39m     [38;5;66;03m# "most recent entry with scan_id == N".[39;00m

[31mIndexError[39m: Catalog only contains 0 runs.

